[backblue.gif]
[fade.gif]
[index.html]
[october02.themes.tvda.eu/demo02/comments/feed/index.html]
[october02.themes.tvda.eu/demo02/feed/index.html]
[october02.themes.tvda.eu/demo02/home/feed/index.html]
[netdna.bootstrapcdn.com/font-awesome/4.2.0/css/font-awesome.min23c9.css]
[october02.themes.tvda.eu/demo02/xmlrpc0db0.php]
[october02.themes.tvda.eu/demo02/wp-includes/wlwmanifest.xml]
[use.typekit.net/dlx6jsy.js]
[october02.themes.tvda.eu/demo02/wp-content/uploads/2015/06/demo02-logo-1.png]
[october02.themes.tvda.eu/demo02/wp-content/uploads/2015/06/demo02-logo-2.png]
[october02.themes.tvda.eu/demo02/wp-content/uploads/2015/06/case01-preview-480x480.jpg]
[october02.themes.tvda.eu/demo02/wp-content/uploads/2015/06/case03-02-480x480.jpg]
[october02.themes.tvda.eu/demo02/wp-content/uploads/2015/06/case01-081-480x480.jpg]
[october02.themes.tvda.eu/demo02/wp-content/uploads/2015/06/sep15-480x480.jpg]
[october02.themes.tvda.eu/demo02/wp-content/uploads/2015/06/case01-04-480x480.jpg]
[october02.themes.tvda.eu/demo02/wp-content/uploads/2015/06/case03-01-480x480.jpg]
[october02.themes.tvda.eu/demo02/wp-content/uploads/2015/06/case02-03-480x480.jpg]
[october02.themes.tvda.eu/demo02/wp-content/uploads/2015/06/case02-02-480x480.jpg]
[october02.themes.tvda.eu/demo02/wp-content/uploads/2015/06/case01-07-480x480.jpg]
[october02.themes.tvda.eu/demo02/wp-content/uploads/2015/06/case01-08-480x480.jpg]
[october02.themes.tvda.eu/demo02/wp-content/uploads/2015/06/image02-480x480.jpg]
[october02.themes.tvda.eu/demo02/wp-content/uploads/2015/06/case02-01-480x480.jpg]
[october02.themes.tvda.eu/demo02/wp-content/uploads/2015/06/case01-03-480x480.jpg]
[october02.themes.tvda.eu/demo02/index.html]
[october02.themes.tvda.eu/demo02/xmlrpc.php]
[october02.themes.tvda.eu/demo02/wp-admin/admin-ajax.html]
[october02.themes.tvda.eu/demo02/wp-login8c47.html]
[october02.themes.tvda.eu/demo02/wp-content/plugins/mega_main_menu/src/css/cache.skin3a05.css]
[october02.themes.tvda.eu/demo02/wp-content/plugins/instagram-feed/img/loader.png]
[october02.themes.tvda.eu/demo02/wp-content/plugins/instagram-feed/css/sb-instagram52d0.css]
[netdna.bootstrapcdn.com/font-awesome/4.2.0/css/font-awesome.min23c9.css]
[october02.themes.tvda.eu/demo02/wp-content/plugins/revslider/rs-plugin/font/revicons90c6.eot]
[october02.themes.tvda.eu/demo02/wp-content/plugins/revslider/rs-plugin/font/revicons90c6.woff]
[october02.themes.tvda.eu/demo02/wp-content/plugins/revslider/rs-plugin/font/revicons90c6.ttf]
[october02.themes.tvda.eu/demo02/wp-content/plugins/revslider/rs-plugin/font/revicons90c6.svg]
[october02.themes.tvda.eu/demo02/wp-content/plugins/revslider/rs-plugin/assets/gridtile.png]
[october02.themes.tvda.eu/demo02/wp-content/plugins/revslider/rs-plugin/assets/gridtile_white.png]
[october02.themes.tvda.eu/demo02/wp-content/plugins/revslider/rs-plugin/assets/gridtile_3x3.png]
[october02.themes.tvda.eu/demo02/wp-content/plugins/revslider/rs-plugin/assets/gridtile_3x3_white.png]
[october02.themes.tvda.eu/demo02/wp-content/plugins/revslider/rs-plugin/assets/shadow1.png]
[october02.themes.tvda.eu/demo02/wp-content/plugins/revslider/rs-plugin/assets/shadow2.png]
[october02.themes.tvda.eu/demo02/wp-content/plugins/revslider/rs-plugin/assets/shadow3.png]
[october02.themes.tvda.eu/demo02/wp-content/plugins/revslider/rs-plugin/images/gradient/g30.png]
[october02.themes.tvda.eu/demo02/wp-content/plugins/revslider/rs-plugin/images/gradient/g40.png]
[october02.themes.tvda.eu/demo02/wp-content/plugins/revslider/rs-plugin/assets/boxed_bgtile.png]
[october02.themes.tvda.eu/demo02/wp-content/plugins/revslider/rs-plugin/assets/navigdots_bgtile.png]
[october02.themes.tvda.eu/demo02/wp-content/plugins/revslider/rs-plugin/assets/bullet.png]
[october02.themes.tvda.eu/demo02/wp-content/plugins/revslider/rs-plugin/assets/bullets.png]
[october02.themes.tvda.eu/demo02/wp-content/plugins/revslider/rs-plugin/assets/bullets2.png]
[october02.themes.tvda.eu/demo02/wp-content/plugins/revslider/rs-plugin/assets/bullet_boxed.png]
[october02.themes.tvda.eu/demo02/wp-content/plugins/revslider/rs-plugin/assets/navigdots.png]
[october02.themes.tvda.eu/demo02/wp-content/plugins/revslider/rs-plugin/assets/large_left.png]
[october02.themes.tvda.eu/demo02/wp-content/plugins/revslider/rs-plugin/assets/large_right.png]
[october02.themes.tvda.eu/demo02/wp-content/plugins/revslider/rs-plugin/assets/small_left.png]
[october02.themes.tvda.eu/demo02/wp-content/plugins/revslider/rs-plugin/assets/small_right.png]
[october02.themes.tvda.eu/demo02/wp-content/plugins/revslider/rs-plugin/assets/arrow_left.png]
[october02.themes.tvda.eu/demo02/wp-content/plugins/revslider/rs-plugin/assets/arrow_right.png]
[october02.themes.tvda.eu/demo02/wp-content/plugins/revslider/rs-plugin/assets/small_left_boxed.png]
[october02.themes.tvda.eu/demo02/wp-content/plugins/revslider/rs-plugin/assets/small_right_boxed.png]
[october02.themes.tvda.eu/demo02/wp-content/plugins/revslider/rs-plugin/assets/arrowleft.png]
[october02.themes.tvda.eu/demo02/wp-content/plugins/revslider/rs-plugin/assets/arrowright.png]
[october02.themes.tvda.eu/demo02/wp-content/plugins/revslider/rs-plugin/assets/arrow_left2.png]
[october02.themes.tvda.eu/demo02/wp-content/plugins/revslider/rs-plugin/assets/arrow_right2.png]
[october02.themes.tvda.eu/demo02/wp-content/plugins/revslider/rs-plugin/assets/coloredbg.png]
[october02.themes.tvda.eu/demo02/wp-content/plugins/revslider/rs-plugin/assets/loader.gif]
[october02.themes.tvda.eu/demo02/wp-content/plugins/revslider/rs-plugin/css/settings2982.css]
[october02.themes.tvda.eu/demo02/wp-content/plugins/woocommerce/assets/images/select2.png]
[october02.themes.tvda.eu/demo02/wp-content/plugins/woocommerce/assets/images/select2-spinner.gif]
[october02.themes.tvda.eu/demo02/wp-content/plugins/woocommerce/assets/images/select2x2.png]
[october02.themes.tvda.eu/demo02/wp-content/plugins/woocommerce/assets/css/select23a05.css]
[october02.themes.tvda.eu/demo02/wp-content/plugins/js_composer/assets/vc/alert.png]
[october02.themes.tvda.eu/demo02/wp-content/plugins/js_composer/assets/vc/info.png]
[october02.themes.tvda.eu/demo02/wp-content/plugins/js_composer/assets/vc/tick.png]
[october02.themes.tvda.eu/demo02/wp-content/plugins/js_composer/assets/vc/exclamation.png]
[october02.themes.tvda.eu/demo02/wp-content/plugins/js_composer/assets/images/icons/address-book.png]
[october02.themes.tvda.eu/demo02/wp-content/plugins/js_composer/assets/images/icons/alarm-clock.png]
[october02.themes.tvda.eu/demo02/wp-content/plugins/js_composer/assets/images/icons/anchor.png]
[october02.themes.tvda.eu/demo02/wp-content/plugins/js_composer/assets/images/icons/application-image.png]
[october02.themes.tvda.eu/demo02/wp-content/plugins/js_composer/assets/images/icons/arrow.png]
[october02.themes.tvda.eu/demo02/wp-content/plugins/js_composer/assets/images/icons/asterisk.png]
[october02.themes.tvda.eu/demo02/wp-content/plugins/js_composer/assets/images/icons/auction-hammer.png]
[october02.themes.tvda.eu/demo02/wp-content/plugins/js_composer/assets/images/icons/balloon.png]
[october02.themes.tvda.eu/demo02/wp-content/plugins/js_composer/assets/images/icons/balloon-buzz.png]
[october02.themes.tvda.eu/demo02/wp-content/plugins/js_composer/assets/images/icons/balloon-facebook.png]
[october02.themes.tvda.eu/demo02/wp-content/plugins/js_composer/assets/images/icons/balloon-twitter.png]
[october02.themes.tvda.eu/demo02/wp-content/plugins/js_composer/assets/images/icons/battery-full.png]
[october02.themes.tvda.eu/demo02/wp-content/plugins/js_composer/assets/images/icons/binocular.png]
[october02.themes.tvda.eu/demo02/wp-content/plugins/js_composer/assets/images/icons/blue-document-excel.png]
[october02.themes.tvda.eu/demo02/wp-content/plugins/js_composer/assets/images/icons/blue-document-image.png]
[october02.themes.tvda.eu/demo02/wp-content/plugins/js_composer/assets/images/icons/blue-document-music.png]
[october02.themes.tvda.eu/demo02/wp-content/plugins/js_composer/assets/images/icons/blue-document-office.png]
[october02.themes.tvda.eu/demo02/wp-content/plugins/js_composer/assets/images/icons/blue-document-pdf.png]
[october02.themes.tvda.eu/demo02/wp-content/plugins/js_composer/assets/images/icons/blue-document-powerpoint.png]
[october02.themes.tvda.eu/demo02/wp-content/plugins/js_composer/assets/images/icons/blue-document-word.png]
[october02.themes.tvda.eu/demo02/wp-content/plugins/js_composer/assets/images/icons/bookmark.png]
[october02.themes.tvda.eu/demo02/wp-content/plugins/js_composer/assets/images/icons/camcorder.png]
[october02.themes.tvda.eu/demo02/wp-content/plugins/js_composer/assets/images/icons/camera.png]
[october02.themes.tvda.eu/demo02/wp-content/plugins/js_composer/assets/images/icons/chart.png]
[october02.themes.tvda.eu/demo02/wp-content/plugins/js_composer/assets/images/icons/chart-pie.png]
[october02.themes.tvda.eu/demo02/wp-content/plugins/js_composer/assets/images/icons/clock.png]
[october02.themes.tvda.eu/demo02/wp-content/plugins/js_composer/assets/images/icons/control.png]
[october02.themes.tvda.eu/demo02/wp-content/plugins/js_composer/assets/images/icons/fire.png]
[october02.themes.tvda.eu/demo02/wp-content/plugins/js_composer/assets/images/icons/heart.png]
[october02.themes.tvda.eu/demo02/wp-content/plugins/js_composer/assets/images/icons/mail.png]
[october02.themes.tvda.eu/demo02/wp-content/plugins/js_composer/assets/images/icons/plus-shield.png]
[october02.themes.tvda.eu/demo02/wp-content/plugins/js_composer/assets/images/icons/video.png]
[october02.themes.tvda.eu/demo02/wp-content/plugins/js_composer/assets/images/toggle_open.png]
[october02.themes.tvda.eu/demo02/wp-content/plugins/js_composer/assets/images/toggle_close.png]
[october02.themes.tvda.eu/demo02/wp-content/plugins/js_composer/assets/images/flickr.png]
[october02.themes.tvda.eu/demo02/wp-content/plugins/js_composer/assets/fonts/vc_grid/vc_grid_v157a1.eot]
[october02.themes.tvda.eu/demo02/wp-content/plugins/js_composer/assets/fonts/vc_grid/vc_grid_v1d41d.eot]
[october02.themes.tvda.eu/demo02/wp-content/plugins/js_composer/assets/fonts/vc_grid/vc_grid_v157a1.woff]
[october02.themes.tvda.eu/demo02/wp-content/plugins/js_composer/assets/fonts/vc_grid/vc_grid_v157a1.ttf]
[october02.themes.tvda.eu/demo02/wp-content/plugins/js_composer/assets/fonts/vc_grid/vc_grid_v157a1.svg]
[october02.themes.tvda.eu/demo02/wp-content/plugins/js_composer/assets/css/js_composer3428.css]
[october02.themes.tvda.eu/demo02/wp-content/plugins/elite-addons-vc/assets/libs/magnific-popup/magnific-popup.mine2dc.css]
[october02.themes.tvda.eu/demo02/wp-content/themes/october/css/libs/fonts/fontawesome-webfonte0a5.eot]
[october02.themes.tvda.eu/demo02/wp-content/themes/october/css/libs/fonts/fontawesome-webfontd41d.eot]
[october02.themes.tvda.eu/demo02/wp-content/themes/october/css/libs/fonts/fontawesome-webfonte0a5.woff2]
[october02.themes.tvda.eu/demo02/wp-content/themes/october/css/libs/fonts/fontawesome-webfonte0a5.woff]
[october02.themes.tvda.eu/demo02/wp-content/themes/october/css/libs/fonts/fontawesome-webfonte0a5.ttf]
[october02.themes.tvda.eu/demo02/wp-content/themes/october/css/libs/fonts/fontawesome-webfonte0a5.svg]
[october02.themes.tvda.eu/demo02/wp-content/themes/october/css/libs/font-awesome-css/font-awesome.minbfce.css]
[october02.themes.tvda.eu/demo02/wp-content/themes/october/css/libs/elegant-icons/fonts/ela0c0.eot]
[october02.themes.tvda.eu/demo02/wp-content/themes/october/css/libs/elegant-icons/fonts/eld41d.eot]
[october02.themes.tvda.eu/demo02/wp-content/themes/october/css/libs/elegant-icons/fonts/ela0c0.woff]
[october02.themes.tvda.eu/demo02/wp-content/themes/october/css/libs/elegant-icons/fonts/ela0c0.ttf]
[october02.themes.tvda.eu/demo02/wp-content/themes/october/css/libs/elegant-icons/fonts/ela0c0.svg]
[october02.themes.tvda.eu/demo02/wp-content/themes/october/css/libs/elegant-icons/elegant-icons.min5152.css]
[october02.themes.tvda.eu/demo02/wp-content/themes/october/images/select_ui.png]
[october02.themes.tvda.eu/demo02/wp-content/themes/october/images/patterns/stars.jpg]
[october02.themes.tvda.eu/demo02/wp-content/themes/october/css/theme-styles.min68b3.css]
[october02.themes.tvda.eu/demo02/wp-content/themes/october/style3a05.css]
[october02.themes.tvda.eu/demo02/wp-content/themes/october/css/woocommerce/css/woocommerce-layout42d8.css]
[october02.themes.tvda.eu/demo02/wp-content/themes/october/css/woocommerce/css/woocommerce-smallscreen42d8.css]
[october02.themes.tvda.eu/demo02/wp-content/themes/october/css/woocommerce/fonts/star.eot]
[october02.themes.tvda.eu/demo02/wp-content/themes/october/css/woocommerce/fonts/stard41d.eot]
[october02.themes.tvda.eu/demo02/wp-content/themes/october/css/woocommerce/fonts/star.woff]
[october02.themes.tvda.eu/demo02/wp-content/themes/october/css/woocommerce/fonts/star.ttf]
[october02.themes.tvda.eu/demo02/wp-content/themes/october/css/woocommerce/fonts/WooCommerce.eot]
[october02.themes.tvda.eu/demo02/wp-content/themes/october/css/woocommerce/fonts/WooCommerce.woff]
[october02.themes.tvda.eu/demo02/wp-content/themes/october/css/woocommerce/fonts/WooCommerce.ttf]
[october02.themes.tvda.eu/demo02/wp-content/themes/october/css/woocommerce/fonts/WooCommerced41d.eot]
[october02.themes.tvda.eu/demo02/wp-content/themes/october/css/woocommerce/images/ajax-loader.gif]
[october02.themes.tvda.eu/demo02/wp-content/themes/october/css/woocommerce/images/icons/credit-cards/visa.png]
[october02.themes.tvda.eu/demo02/wp-content/themes/october/css/woocommerce/images/icons/credit-cards/mastercard.png]
[october02.themes.tvda.eu/demo02/wp-content/themes/october/css/woocommerce/images/icons/credit-cards/laser.png]
[october02.themes.tvda.eu/demo02/wp-content/themes/october/css/woocommerce/images/icons/credit-cards/diners.png]
[october02.themes.tvda.eu/demo02/wp-content/themes/october/css/woocommerce/images/icons/credit-cards/maestro.png]
[october02.themes.tvda.eu/demo02/wp-content/themes/october/css/woocommerce/images/icons/credit-cards/jcb.png]
[october02.themes.tvda.eu/demo02/wp-content/themes/october/css/woocommerce/images/icons/credit-cards/amex.png]
[october02.themes.tvda.eu/demo02/wp-content/themes/october/css/woocommerce/images/icons/credit-cards/discover.png]
[october02.themes.tvda.eu/demo02/wp-content/themes/october/css/woocommerce/images/ajax-loader@2x.gif]
[october02.themes.tvda.eu/demo02/wp-content/themes/october/css/woocommerce/css/woocommerce42d8.css]
[october02.themes.tvda.eu/demo02/wp-content/themes/october/css/libs/owl-carousel/grab.png]
[october02.themes.tvda.eu/demo02/wp-content/themes/october/css/libs/owl-carousel/grabbing.png]
[october02.themes.tvda.eu/demo02/wp-content/themes/october/css/libs/owl-carousel/AjaxLoader.gif]
[october02.themes.tvda.eu/demo02/wp-content/themes/october/css/libs/owl-carousel/sprite.png]
[october02.themes.tvda.eu/demo02/wp-content/themes/october/css/libs/owl-carousel/owl.carousel.min3a05.css]
[october02.themes.tvda.eu/demo02/wp-includes/js/jquery/jquery4a80.js]
[october02.themes.tvda.eu/demo02/wp-includes/js/jquery/jquery-migrate.min1576.js]
[october02.themes.tvda.eu/demo02/wp-content/themes/october/plugins/login-with-ajax/login-with-ajax3a05.js]
[october02.themes.tvda.eu/demo02/wp-content/plugins/revslider/rs-plugin/js/jquery.themepunch.tools.min2982.js]
[october02.themes.tvda.eu/demo02/wp-content/plugins/revslider/rs-plugin/js/jquery.themepunch.revolution.min2982.js]
[october02.themes.tvda.eu/demo02/wp-content/plugins/woocommerce/assets/js/frontend/add-to-cart.min42d8.js]
[october02.themes.tvda.eu/demo02/wp-content/plugins/js_composer/assets/js/vendors/woocommerce-add-to-cart3428.js]
[october02.themes.tvda.eu/demo02/about-me/feed/index.html]
[october02.themes.tvda.eu/demo02/wp-content/uploads/2015/06/about-me.jpg]
[october02.themes.tvda.eu/demo02/about-me/index.html]
[october02.themes.tvda.eu/demo02/portfolio/index.html]
[october02.themes.tvda.eu/demo02/wp-content/uploads/2015/06/case02-01.jpg]
[october02.themes.tvda.eu/demo02/instagram-feed/feed/index.html]
[october02.themes.tvda.eu/demo02/instagram-feed/index.html]
[october02.themes.tvda.eu/demo02/wp-content/uploads/2015/06/image01.jpg]
[october02.themes.tvda.eu/demo02/wp-content/uploads/2015/06/image01-1200x800.jpg]
[october02.themes.tvda.eu/demo02/wp-content/uploads/2015/06/case02-03-1200x800.jpg]
[october02.themes.tvda.eu/demo02/wp-content/uploads/2015/06/case02-02-1200x800.jpg]
[october02.themes.tvda.eu/demo02/wp-content/uploads/2015/06/image02-1200x800.jpg]
[october02.themes.tvda.eu/demo02/blog/index.html]
[october02.themes.tvda.eu/demo02/contact-me/feed/index.html]
[october02.themes.tvda.eu/demo02/contact-me/index.html]
[october02.themes.tvda.eu/demo02/wp-content/uploads/2015/06/case01-preview.jpg]
[october02.themes.tvda.eu/demo02/wp-content/uploads/2015/06/case01-01.jpg]
[october02.themes.tvda.eu/demo02/wp-content/uploads/2015/06/case01-04.jpg]
[october02.themes.tvda.eu/demo02/wp-content/uploads/2015/06/case01-05.jpg]
[october02.themes.tvda.eu/demo02/wp-content/uploads/2015/06/case01-08.jpg]
[october02.themes.tvda.eu/demo02/wp-content/uploads/2015/06/case01-07.jpg]
[october02.themes.tvda.eu/demo02/wp-content/uploads/2015/06/case01-02.jpg]
[october02.themes.tvda.eu/demo02/wp-content/uploads/2015/06/case01-03.jpg]
[october02.themes.tvda.eu/demo02/wp-content/uploads/2015/06/case01-06.jpg]
[october02.themes.tvda.eu/demo02/wp-content/uploads/2015/06/case01-09.jpg]
[october02.themes.tvda.eu/demo02/wp-content/uploads/2015/06/case01-10.jpg]
[october02.themes.tvda.eu/demo02/project/masonry-grid-item-3/index.html]
[october02.themes.tvda.eu/demo02/wp-content/uploads/2015/06/case02-02.jpg]
[october02.themes.tvda.eu/demo02/wp-content/uploads/2015/06/case02-03.jpg]
[october02.themes.tvda.eu/demo02/project/extended-vertical-slider-2/index.html]
[october02.themes.tvda.eu/demo02/wp-content/uploads/2015/06/image02.jpg]
[october02.themes.tvda.eu/demo02/wp-content/uploads/2015/06/image3-1200x800.jpg]
[october02.themes.tvda.eu/demo02/wp-content/uploads/2015/06/image3.jpg]
[october02.themes.tvda.eu/demo02/project/vertical-wide-slider-2/index.html]
[october02.themes.tvda.eu/demo02/wp-content/uploads/2015/06/image3-480x480.jpg]
[october02.themes.tvda.eu/demo02/wp-content/uploads/2015/06/image01-480x480.jpg]
[october02.themes.tvda.eu/demo02/wp-content/uploads/2015/06/case03-02-1200x800.jpg]
[october02.themes.tvda.eu/demo02/wp-content/uploads/2015/06/case03-01-1200x800.jpg]
[october02.themes.tvda.eu/demo02/wp-content/uploads/2015/06/case03-03-1200x800.jpg]
[october02.themes.tvda.eu/demo02/wp-content/uploads/2015/06/case03-03-480x480.jpg]
[october02.themes.tvda.eu/demo02/wp-content/uploads/2015/06/case02-03-1200x797.jpg]
[october02.themes.tvda.eu/demo02/wp-content/uploads/2015/06/case02-02-1200x797.jpg]
[october02.themes.tvda.eu/demo02/wp-content/uploads/2015/06/case02-01-1200x797.jpg]
[october02.themes.tvda.eu/demo02/wp-content/uploads/2015/06/case01-02-480x480.jpg]
[october02.themes.tvda.eu/demo02/wp-content/uploads/2015/06/case01-preview-1200x800.jpg]
[october02.themes.tvda.eu/demo02/project/grid-portfolio-item-3/index.html]
[october02.themes.tvda.eu/demo02/project/masonry-grid-item-2/index.html]
[october02.themes.tvda.eu/demo02/project/extended-vertical-slider/index.html]
[october02.themes.tvda.eu/demo02/project/vertical-wide-slider/index.html]
[october02.themes.tvda.eu/demo02/project/grid-portfolio-item-2/index.html]
[october02.themes.tvda.eu/demo02/project/masonry-grid-item/index.html]
[october02.themes.tvda.eu/demo02/wp-content/uploads/2015/06/case03-03.jpg]
[october02.themes.tvda.eu/demo02/wp-content/uploads/2015/06/image04.jpg]
[october02.themes.tvda.eu/demo02/project/fullscreen-presentation/index.html]
[october02.themes.tvda.eu/demo02/project/grid-portfolio-item/index.html]
[october02.themes.tvda.eu/demo02/project/real-nature/index.html]
[october02.themes.tvda.eu/demo02/project/the-machine/index.html]
[october02.themes.tvda.eu/demo02/project/test/index.html]
[october02.themes.tvda.eu/demo02/wp-content/plugins/instagram-feed/js/sb-instagram52d0.js]
[october02.themes.tvda.eu/demo02/wp-content/plugins/woocommerce/assets/js/select2/select2.min49eb.js]
[october02.themes.tvda.eu/demo02/wp-content/plugins/woocommerce/assets/js/jquery-blockui/jquery.blockUI.minc8cb.js]
[october02.themes.tvda.eu/demo02/wp-content/plugins/woocommerce/assets/js/frontend/woocommerce.min42d8.js]
[october02.themes.tvda.eu/demo02/wp-content/plugins/woocommerce/assets/js/jquery-cookie/jquery.cookie.min330a.js]
[october02.themes.tvda.eu/demo02/wp-content/plugins/woocommerce/assets/js/frontend/cart-fragments.min42d8.js]
[october02.themes.tvda.eu/demo02/wp-content/plugins/yith-woocommerce-wishlist/assets/js/jquery.yith-wcwld5f7.js]
[october02.themes.tvda.eu/demo02/wp-content/plugins/elite-addons-vc/assets/modules.min4963.js]
[october02.themes.tvda.eu/demo02/wp-content/themes/october/js/theme-scripts.min68b3.js]
[october02.themes.tvda.eu/demo02/wp-includes/js/comment-reply.min3a05.js]
[october02.themes.tvda.eu/demo02/wp-content/themes/october/css/libs/owl-carousel/owl.carousel.min5152.js]
[october02.themes.tvda.eu/demo02/wp-content/themes/october/js/woocommerce/woo-scripts68b3.js]
[october02.themes.tvda.eu/demo02/wp-content/plugins/js_composer/assets/js/js_composer_front3428.js]
[october02.themes.tvda.eu/demo02/wp-content/plugins/elite-addons-vc/assets/projects.min4963.js]
[october02.themes.tvda.eu/demo02/wp-includes/css/buttons.min3a05.css]
[october02.themes.tvda.eu/demo02/wp-includes/fonts/dashicons.eot]
[october02.themes.tvda.eu/demo02/wp-includes/css/dashicons.min3a05.css]
[october02.themes.tvda.eu/demo02/wp-admin/images/loading.gif]
[october02.themes.tvda.eu/demo02/wp-admin/images/w-logo-blue7a53.png]
[october02.themes.tvda.eu/demo02/wp-admin/images/wordpress-logo7d6b.svg]
[october02.themes.tvda.eu/demo02/wp-admin/css/login.min3a05.css]
[october02.themes.tvda.eu/demo02/wp-content/plugins/js_composer/assets/vc/blur.svg]
[october02.themes.tvda.eu/demo02/wp-content/themes/october/css/woocommerce/fonts/star.svg]
[october02.themes.tvda.eu/demo02/wp-content/themes/october/css/woocommerce/fonts/WooCommerce.svg]
[october02.themes.tvda.eu/demo02/TweenLite.html]
[october02.themes.tvda.eu/demo02/Version/index.html]
[october02.themes.tvda.eu/TweenLite.html]
[october02.themes.tvda.eu/demo02/wp-login7f14.html]
[october02.themes.tvda.eu/demo02/index9787.html]
[october02.themes.tvda.eu/demo02/wp-login0654.html]
[october02.themes.tvda.eu/demo02/portfolio/feed/index.html]
[october02.themes.tvda.eu/demo02/index7896.html]
[october02.themes.tvda.eu/demo02/wp-login1cfd.html]
[october02.themes.tvda.eu/demo02/index8cae.html]
[october02.themes.tvda.eu/demo02/wp-login6577.html]
[october02.themes.tvda.eu/demo02/image-blog-post/index.html]
[october02.themes.tvda.eu/demo02/image-blog-post/feed/index.html]
[october02.themes.tvda.eu/demo02/video-player-post/index.html]
[october02.themes.tvda.eu/demo02/video-player-post/feed/index.html]
[october02.themes.tvda.eu/demo02/pablo-picasso/index.html]
[october02.themes.tvda.eu/demo02/pablo-picasso/feed/index.html]
[october02.themes.tvda.eu/demo02/external-link/index.html]
[october02.themes.tvda.eu/demo02/external-link/feed/index.html]
[october02.themes.tvda.eu/demo02/audio-blog-post/index.html]
[october02.themes.tvda.eu/demo02/audio-blog-post/feed/index.html]
[october02.themes.tvda.eu/demo02/soundclould-audio-post/index.html]
[october02.themes.tvda.eu/demo02/status-post/index.html]
[october02.themes.tvda.eu/demo02/soundclould-audio-post/feed/index.html]
[october02.themes.tvda.eu/demo02/status-post/feed/index.html]
[october02.themes.tvda.eu/demo02/official-company-event/index.html]
[october02.themes.tvda.eu/demo02/official-company-event/feed/index.html]
[october02.themes.tvda.eu/demo02/our-team-mission/index.html]
[october02.themes.tvda.eu/demo02/our-team-mission/feed/index.html]
[october02.themes.tvda.eu/demo02/standard-blog-post/index.html]
[october02.themes.tvda.eu/demo02/standard-blog-post/feed/index.html]
[october02.themes.tvda.eu/demo02/blog/page/2/index.html]
[october02.themes.tvda.eu/demo02/wp-includes/js/mediaelement/bigplay.png]
[october02.themes.tvda.eu/demo02/wp-includes/js/mediaelement/background.png]
[october02.themes.tvda.eu/demo02/wp-includes/js/mediaelement/loading.gif]
[october02.themes.tvda.eu/demo02/wp-includes/js/mediaelement/controls.png]
[october02.themes.tvda.eu/demo02/wp-includes/js/mediaelement/skipback.png]
[october02.themes.tvda.eu/demo02/wp-includes/js/mediaelement/mediaelementplayer.min3819.css]
[october02.themes.tvda.eu/demo02/wp-includes/js/mediaelement/wp-mediaelement3a05.css]
[october02.themes.tvda.eu/demo02/wp-includes/js/mediaelement/mediaelement-and-player.min3819.js]
[october02.themes.tvda.eu/demo02/wp-includes/js/mediaelement/wp-mediaelement3a05.js]
[october02.themes.tvda.eu/demo02/wp-logina420.html]
[october02.themes.tvda.eu/demo02/index1611.html]
[october02.themes.tvda.eu/demo02/wp-content/plugins/ninja-forms/css/ninja-forms-display1de4.css]
[october02.themes.tvda.eu/demo02/wp-content/plugins/ninja-forms/css/qtip3a05.css]
[october02.themes.tvda.eu/demo02/wp-content/plugins/ninja-forms/images/delete.gif]
[october02.themes.tvda.eu/demo02/wp-content/plugins/ninja-forms/images/star.gif]
[october02.themes.tvda.eu/demo02/wp-content/plugins/ninja-forms/css/jquery.rating3a05.css]
[october02.themes.tvda.eu/demo02/wp-content/plugins/elite-addons-vc/assets/libs/gmaps/gmapsda32.js]
[october02.themes.tvda.eu/demo02/wp-includes/js/jquery/jquery.form.min018d.js]
[october02.themes.tvda.eu/demo02/wp-includes/js/underscore.minaff7.js]
[october02.themes.tvda.eu/demo02/wp-includes/js/backbone.mincfa9.js]
[october02.themes.tvda.eu/demo02/wp-content/plugins/ninja-forms/js/min/ninja-forms-display.min1de4.js]
[october02.themes.tvda.eu/demo02/wp-loginf8b9.html]
[october02.themes.tvda.eu/demo02/index8820.html]
[october02.themes.tvda.eu/demo02/wp-logind3ee.html]
[october02.themes.tvda.eu/demo02/index5f87.html]
[october02.themes.tvda.eu/demo02/wp-content/plugins/js_composer/assets/lib/bower/flexslider/fonts/flexslider-icon.eot]
[october02.themes.tvda.eu/demo02/wp-content/plugins/js_composer/assets/lib/bower/flexslider/fonts/flexslider-icon.woff]
[october02.themes.tvda.eu/demo02/wp-content/plugins/js_composer/assets/lib/bower/flexslider/fonts/flexslider-icond41d.eot]
[october02.themes.tvda.eu/demo02/wp-content/plugins/js_composer/assets/lib/bower/flexslider/fonts/flexslider-icon.ttf]
[october02.themes.tvda.eu/demo02/wp-content/plugins/js_composer/assets/lib/bower/flexslider/flexslider3428.css]
[october02.themes.tvda.eu/demo02/wp-content/plugins/js_composer/assets/lib/bower/flexslider/jquery.flexslider-min3428.js]
[october02.themes.tvda.eu/demo02/wp-login46e8.html]
[october02.themes.tvda.eu/demo02/index5a24.html]
[october02.themes.tvda.eu/demo02/wp-login2bff.html]
[october02.themes.tvda.eu/demo02/index9430.html]
[october02.themes.tvda.eu/demo02/wp-content/plugins/js_composer/assets/lib/bower/isotope/dist/isotope.pkgd.min3428.js]
[october02.themes.tvda.eu/demo02/wp-logina00a.html]
[october02.themes.tvda.eu/demo02/indexc5eb.html]
[october02.themes.tvda.eu/demo02/wp-login9396.html]
[october02.themes.tvda.eu/demo02/index3f5a.html]
[october02.themes.tvda.eu/demo02/wp-login66e2.html]
[october02.themes.tvda.eu/demo02/indexb190.html]
[october02.themes.tvda.eu/demo02/wp-login3c3a.html]
[october02.themes.tvda.eu/demo02/index5eda.html]
[october02.themes.tvda.eu/demo02/wp-logindd4b.html]
[october02.themes.tvda.eu/demo02/index55e4.html]
[october02.themes.tvda.eu/demo02/wp-login104e.html]
[october02.themes.tvda.eu/demo02/index8054.html]
[october02.themes.tvda.eu/demo02/wp-logind703.html]
[october02.themes.tvda.eu/demo02/index8cf7.html]
[october02.themes.tvda.eu/demo02/wp-logincb29.html]
[october02.themes.tvda.eu/demo02/indexfbd5.html]
[october02.themes.tvda.eu/demo02/wp-loginf835.html]
[october02.themes.tvda.eu/demo02/index5c90.html]
[october02.themes.tvda.eu/demo02/wp-logind3f7.html]
[october02.themes.tvda.eu/demo02/index6c46.html]
[october02.themes.tvda.eu/demo02/wp-login7317.html]
[october02.themes.tvda.eu/demo02/indexf488.html]
[october02.themes.tvda.eu/demo02/author/admin/index.html]
[october02.themes.tvda.eu/demo02/author/admin/feed/index.html]
[october02.themes.tvda.eu/demo02/category/photography/index.html]
[october02.themes.tvda.eu/demo02/wp-login1492.html]
[october02.themes.tvda.eu/demo02/index421d.html]
[october02.themes.tvda.eu/demo02/category/photography/feed/index.html]
[october02.themes.tvda.eu/demo02/category/uncategorized/index.html]
[october02.themes.tvda.eu/demo02/wp-login29e8.html]
[october02.themes.tvda.eu/demo02/indexee5b.html]
[october02.themes.tvda.eu/demo02/category/team/index.html]
[october02.themes.tvda.eu/demo02/wp-login4021.html]
[october02.themes.tvda.eu/demo02/index248a.html]
[october02.themes.tvda.eu/demo02/category/uncategorized/feed/index.html]
[october02.themes.tvda.eu/demo02/category/team/feed/index.html]
[october02.themes.tvda.eu/demo02/category/company/index.html]
[october02.themes.tvda.eu/demo02/wp-logind456.html]
[october02.themes.tvda.eu/demo02/index1a26.html]
[october02.themes.tvda.eu/demo02/wp-login2503.html]
[october02.themes.tvda.eu/demo02/index9469.html]
[october02.themes.tvda.eu/demo02/wp-login0e52.html]
[october02.themes.tvda.eu/demo02/index47f2.html]
[october02.themes.tvda.eu/demo02/wp-login7bd1.html]
[october02.themes.tvda.eu/demo02/index31a3.html]
[october02.themes.tvda.eu/demo02/wp-login89d1.html]
[october02.themes.tvda.eu/demo02/index8b4e.html]
[october02.themes.tvda.eu/demo02/wp-logind515.html]
[october02.themes.tvda.eu/demo02/category/company/feed/index.html]
[october02.themes.tvda.eu/demo02/brand-new-release/index.html]
[october02.themes.tvda.eu/demo02/index913e.html]
[october02.themes.tvda.eu/demo02/wp-login8329.html]
[october02.themes.tvda.eu/demo02/hello-world/index.html]
[october02.themes.tvda.eu/demo02/blog/page/1/index.html]
[october02.themes.tvda.eu/demo02/brand-new-release/feed/index.html]
[october02.themes.tvda.eu/demo02/wp-includes/js/mediaelement/bigplay.svg]
[october02.themes.tvda.eu/demo02/wp-includes/js/mediaelement/controls.svg]
[october02.themes.tvda.eu/demo02/blog/mediaelement.min.html]
[october02.themes.tvda.eu/demo02/blog/mediaelement-and-player.html]
[october02.themes.tvda.eu/demo02/wp-content/plugins/js_composer/assets/lib/bower/flexslider/fonts/flexslider-icon.svg]
[127.0.0.1/ivan/wp-content/plugins/mega_main_menu/src/img/megamain-logo-120x120.png]
[october02.themes.tvda.eu/demo02/wp-login07eb.html]
[october02.themes.tvda.eu/demo02/hello-world/feed/index.html]
[october02.themes.tvda.eu/demo02/author/admin/page/2/index.html]
[october02.themes.tvda.eu/demo02/wp-login17d1.html]
[october02.themes.tvda.eu/demo02/wp-login3fc7.html]
[october02.themes.tvda.eu/demo02/wp-login50cd.html]
[october02.themes.tvda.eu/demo02/wp-login3749.html]
[october02.themes.tvda.eu/demo02/wp-login5285.html]
[october02.themes.tvda.eu/demo02/index4ab3.html]
[october02.themes.tvda.eu/demo02/wp-login24e8.html]
[october02.themes.tvda.eu/demo02/indexcff1.html]
[october02.themes.tvda.eu/demo02/hello-world/index6809.html]
[apis.google.com/js/plusone.js]
[assets.pinterest.com/js/pinit.js]
[october02.themes.tvda.eu/demo02/wp-loginb985.html]
[october02.themes.tvda.eu/demo02/author/admin/page/1/index.html]
[october02.themes.tvda.eu/demo02/wp-login1175.html]
